[one.open-int-bank.com/index.html]
[backblue.gif]
[fade.gif]
[index.html]
[one.open-int-bank.com/index.html]
[one.open-int-bank.com/en.html]
[one.open-int-bank.com/img/favicon.png]
[one.open-int-bank.com/img/apple-touch-icon.png]
[one.open-int-bank.com/css/frontend.css]
[one.open-int-bank.com/vendor/modernizr/modernizr.min.js]
[one.open-int-bank.com/en/about.html]
[one.open-int-bank.com/en/contact.html]
[one.open-int-bank.com/de.html]
[one.open-int-bank.com/es.html]
[one.open-int-bank.com/fr.html]
[one.open-int-bank.com/hu.html]
[one.open-int-bank.com/nl.html]
[one.open-int-bank.com/pl.html]
[one.open-int-bank.com/pt.html]
[one.open-int-bank.com/ro.html]
[one.open-int-bank.com/sk.html]
[one.open-int-bank.com/sl.html]
[one.open-int-bank.com/sv.html]
[one.open-int-bank.com/cs.html]
[one.open-int-bank.com/el.html]
[one.open-int-bank.com/bg.html]
[one.open-int-bank.com/ru.html]
[one.open-int-bank.com/kk.html]
[one.open-int-bank.com/img/logo.png]
[one.open-int-bank.com/en/banking/current-account.html]
[one.open-int-bank.com/en/banking/saving-account.html]
[one.open-int-bank.com/en/banking/mobile-banking.html]
[one.open-int-bank.com/en/loans-and-credits.html]
[one.open-int-bank.com/loans-and-credits/personal-loan]
[one.open-int-bank.com/en/loans-and-credits/personal-loan.html]
[one.open-int-bank.com/loans-and-credits/loan-without-contribution]
[one.open-int-bank.com/en/loans-and-credits/loan-without-contribution.html]
[one.open-int-bank.com/loans-and-credits/loan-between-individuals.20.delayed]
[one.open-int-bank.com/en/loans-and-credits/loan-between-individuals.html]
[one.open-int-bank.com/loans-and-credits/consumer-credit]
[one.open-int-bank.com/en/loans-and-credits/consumer-credit.html]
[one.open-int-bank.com/loans-and-credits/car-loan.24.delayed]
[one.open-int-bank.com/en/loans-and-credits/car-loan.html]
[one.open-int-bank.com/loans-and-credits/works-credit]
[one.open-int-bank.com/en/loans-and-credits/works-credit.html]
[one.open-int-bank.com/en/insurances.html]
[one.open-int-bank.com/insurances/legal-protection-insurance]
[one.open-int-bank.com/en/insurances/legal-protection-insurance.html]
[one.open-int-bank.com/insurances/income-maintenance-insurance]
[one.open-int-bank.com/en/insurances/income-maintenance-insurance.html]
[one.open-int-bank.com/insurances/car-insurance]
[one.open-int-bank.com/en/insurances/car-insurance.html]
[one.open-int-bank.com/insurances/home-insurance]
[one.open-int-bank.com/en/insurances/home-insurance.html]
[one.open-int-bank.com/insurances/loan-insurance]
[one.open-int-bank.com/en/insurances/loan-insurance.html]
[one.open-int-bank.com/en/investment.html]
[one.open-int-bank.com/en/credit-card.html]
[one.open-int-bank.com/en/home]
[one.open-int-bank.com/en/login.html]
[one.open-int-bank.com/img/landing/header_bg.jpg]
[one.open-int-bank.com/img/logo-big.png]
[one.open-int-bank.com/en/register.html]
[one.open-int-bank.com/img/img1.jpg]
[one.open-int-bank.com/img/clients/client-1.3b.delayed]
[one.open-int-bank.com/img/parallax/parallax-2.jpg]
[one.open-int-bank.com/img/legal-protection-insurance.jpg]
[one.open-int-bank.com/img/income-maintenance-insurance.jpg]
[one.open-int-bank.com/img/car-insurance.jpg]
[one.open-int-bank.com/img/home-insurance.jpg]
[one.open-int-bank.com/img/loan-insurance.jpg]
[one.open-int-bank.com/img/logos/logo-1.png]
[one.open-int-bank.com/img/logos/logo-2.png]
[one.open-int-bank.com/img/logos/logo-3.png]
[one.open-int-bank.com/img/logos/logo-4.png]
[one.open-int-bank.com/img/logos/logo-5.png]
[one.open-int-bank.com/img/logos/logo-6.png]
[one.open-int-bank.com/img/logos/logo-7.png]
[one.open-int-bank.com/en/faq.html]
[one.open-int-bank.com/en/privacy-policy.html]
[one.open-int-bank.com/en/request-form.html]
[one.open-int-bank.com/img/logo-footer.png]
[one.open-int-bank.com/en.html]
[one.open-int-bank.com/img/apple-touch-icon.html]
[one.open-int-bank.com/livewire/livewireb1f3.js]
[one.open-int-bank.com/webfonts/fa-brands-400.eot]
[one.open-int-bank.com/webfonts/fa-brands-400d41d.eot]
[one.open-int-bank.com/webfonts/fa-brands-400.woff2]
[one.open-int-bank.com/webfonts/fa-brands-400.woff]
[one.open-int-bank.com/webfonts/fa-brands-400.ttf]
[one.open-int-bank.com/js/frontend.js]
[one.open-int-bank.com/webfonts/fa-regular-400.eot]
[one.open-int-bank.com/webfonts/fa-brands-400.svg]
[one.open-int-bank.com/webfonts/fa-regular-400d41d.eot]
[one.open-int-bank.com/webfonts/fa-regular-400.woff2]
[one.open-int-bank.com/webfonts/fa-regular-400.woff]
[one.open-int-bank.com/webfonts/fa-regular-400.ttf]
[one.open-int-bank.com/webfonts/fa-regular-400.svg]
[one.open-int-bank.com/webfonts/fa-solid-900.eot]
[one.open-int-bank.com/webfonts/fa-solid-900d41d.eot]
[one.open-int-bank.com/webfonts/fa-solid-900.woff2]
[one.open-int-bank.com/webfonts/fa-solid-900.woff]
[one.open-int-bank.com/webfonts/fa-solid-900.ttf]
[one.open-int-bank.com/fonts/Simple-Line-Iconsb26c.eot]
[one.open-int-bank.com/webfonts/fa-solid-900.svg]
[one.open-int-bank.com/fonts/Simple-Line-Iconsb26c.woff2]
[one.open-int-bank.com/fonts/Simple-Line-Iconsb26c.ttf]
[one.open-int-bank.com/fonts/Simple-Line-Iconsb26c.woff]
[one.open-int-bank.com/css/owl.video.play.png]
[one.open-int-bank.com/fonts/Simple-Line-Iconsb26c.svg]
[one.open-int-bank.com/img/home/home-concept-dark.png]
[one.open-int-bank.com/img/home/home-concept-item-dark.png]
[one.open-int-bank.com/img/home/home-concept-icons-dark.png]
[one.open-int-bank.com/img/arrows-dark.png]
[one.open-int-bank.com/img/arrows.png]
[one.open-int-bank.com/img/patterns/worn_dots.png]
[one.open-int-bank.com/img/patterns/az_subtle.png]
[one.open-int-bank.com/img/flags.png]
[one.open-int-bank.com/img/icons/icons.png]
[one.open-int-bank.com/css/img/lazy.70.delayed]
[one.open-int-bank.com/img/pencil-blue-line.png]
[one.open-int-bank.com/img/pencil-blue-line-dark.png]
[one.open-int-bank.com/img/pencil-blue-line-2.png]
[one.open-int-bank.com/img/pencil-blue-line-2-dark.png]
[one.open-int-bank.com/img/curved-border.svg]
[one.open-int-bank.com/img/overlay-dot.png]
[one.open-int-bank.com/img/map.png]
[one.open-int-bank.com/img/home/home-concept.png]
[one.open-int-bank.com/img/home/home-concept-item.png]
[one.open-int-bank.com/img/home/home-concept-icons.png]
[one.open-int-bank.com/fonts/revicons/revicons90c6.eot]
[one.open-int-bank.com/fonts/revicons/revicons90c6.woff]
[one.open-int-bank.com/fonts/revicons/revicons90c6.ttf]
[one.open-int-bank.com/fonts/revicons/revicons90c6.svg]
[one.open-int-bank.com/css/openhand.cur]
[one.open-int-bank.com/css/closedhand.cur]
[one.open-int-bank.com/assets/gridtile.png]
[one.open-int-bank.com/assets/gridtile_white.png]
[one.open-int-bank.com/assets/gridtile_3x3.png]
[one.open-int-bank.com/assets/gridtile_3x3_white.png]
[one.open-int-bank.com/assets/coloredbg.png]
[one.open-int-bank.com/assets/loader.gif]
[one.open-int-bank.com/css/frontend.css]
[one.open-int-bank.com/de/about.html]
[one.open-int-bank.com/es/about.html]
[one.open-int-bank.com/fr/about.html]
[one.open-int-bank.com/hu/about.html]
[one.open-int-bank.com/nl/about.html]
[one.open-int-bank.com/pl/about.html]
[one.open-int-bank.com/pt/about.html]
[one.open-int-bank.com/ro/about.html]
[one.open-int-bank.com/sk/about.html]
[one.open-int-bank.com/sl/about.html]
[one.open-int-bank.com/sv/about.html]
[one.open-int-bank.com/about]
[one.open-int-bank.com/cs/about.html]
[one.open-int-bank.com/el/about.html]
[one.open-int-bank.com/bg/about.html]
[one.open-int-bank.com/ru/about.html]
[one.open-int-bank.com/kk/about.html]
[one.open-int-bank.com/img/generic/generic-corporate-3-1.jpg]
[one.open-int-bank.com/img/generic/generic-corporate-3-2.jpg]
[one.open-int-bank.com/img/generic/generic-corporate-3-3.jpg]
[one.open-int-bank.com/en/about.html]
[one.open-int-bank.com/de/contact.html]
[one.open-int-bank.com/es/contact.html]
[one.open-int-bank.com/fr/contact.html]
[one.open-int-bank.com/nl/contact.html]
[one.open-int-bank.com/pl/contact.html]
[one.open-int-bank.com/pt/contact.html]
[one.open-int-bank.com/ro/contact.html]
[one.open-int-bank.com/sk/contact.html]
[one.open-int-bank.com/sl/contact.html]
[one.open-int-bank.com/sv/contact.html]
[one.open-int-bank.com/contact]
[one.open-int-bank.com/cs/contact.html]
[one.open-int-bank.com/el/contact.html]
[one.open-int-bank.com/bg/contact.html]
[one.open-int-bank.com/ru/contact.html]
[one.open-int-bank.com/kk/contact.html]
[one.open-int-bank.com/en/contact.html]
[one.open-int-bank.com/de/banking/current-account.html]
[one.open-int-bank.com/de/banking/saving-account.html]
[one.open-int-bank.com/de/banking/mobile-banking.html]
[one.open-int-bank.com/de/loans-and-credits.html]
[one.open-int-bank.com/de/insurances.html]
[one.open-int-bank.com/de/investment.html]
[one.open-int-bank.com/de/credit-card.html]
[one.open-int-bank.com/de/home]
[one.open-int-bank.com/de/login.html]
[one.open-int-bank.com/de/register.html]
[one.open-int-bank.com/de/faq.html]
[one.open-int-bank.com/de/privacy-policy.html]
[one.open-int-bank.com/de.html]
[one.open-int-bank.com/de/request-form.html]
[one.open-int-bank.com/es/banking/current-account.html]
[one.open-int-bank.com/es/banking/saving-account.html]
[one.open-int-bank.com/es/banking/mobile-banking.html]
[one.open-int-bank.com/es/loans-and-credits.html]
[one.open-int-bank.com/es/insurances.html]
[one.open-int-bank.com/es/investment.html]
[one.open-int-bank.com/es/credit-card.html]
[one.open-int-bank.com/es/home]
[one.open-int-bank.com/es/login.html]
[one.open-int-bank.com/es/register.html]
[one.open-int-bank.com/es/faq.html]
[one.open-int-bank.com/es/privacy-policy.html]
[one.open-int-bank.com/es/request-form.html]
[one.open-int-bank.com/es.html]
[one.open-int-bank.com/fr/banking/current-account.html]
[one.open-int-bank.com/fr/banking/saving-account.html]
[one.open-int-bank.com/fr/banking/mobile-banking.html]
[one.open-int-bank.com/fr/loans-and-credits.html]
[one.open-int-bank.com/fr/insurances.html]
[one.open-int-bank.com/fr/investment.html]
[one.open-int-bank.com/fr/credit-card.html]
[one.open-int-bank.com/fr/home]
[one.open-int-bank.com/fr/login.html]
[one.open-int-bank.com/fr/register.html]
[one.open-int-bank.com/fr/faq.html]
[one.open-int-bank.com/fr/privacy-policy.html]
[one.open-int-bank.com/fr/request-form.html]
[one.open-int-bank.com/fr.html]
[one.open-int-bank.com/hu/banking/current-account.html]
[one.open-int-bank.com/hu/banking/saving-account.html]
[one.open-int-bank.com/hu/banking/mobile-banking.html]
[one.open-int-bank.com/hu/loans-and-credits.html]
[one.open-int-bank.com/hu/insurances.html]
[one.open-int-bank.com/hu/investment.html]
[one.open-int-bank.com/hu/credit-card.html]
[one.open-int-bank.com/hu/home]
[one.open-int-bank.com/hu/login.html]
[one.open-int-bank.com/hu/register.html]
[one.open-int-bank.com/hu/faq.html]
[one.open-int-bank.com/hu/privacy-policy.html]
[one.open-int-bank.com/hu/request-form.html]
[one.open-int-bank.com/hu.html]
[one.open-int-bank.com/nl/banking/current-account.html]
[one.open-int-bank.com/nl/banking/saving-account.html]
[one.open-int-bank.com/nl/banking/mobile-banking.html]
[one.open-int-bank.com/nl/loans-and-credits.html]
[one.open-int-bank.com/nl/insurances.html]
[one.open-int-bank.com/nl/investment.html]
[one.open-int-bank.com/nl/credit-card.html]
[one.open-int-bank.com/nl/home]
[one.open-int-bank.com/nl/login.html]
[one.open-int-bank.com/nl/register.html]
[one.open-int-bank.com/nl/faq.html]
[one.open-int-bank.com/nl/privacy-policy.html]
[one.open-int-bank.com/nl.html]
[one.open-int-bank.com/nl/request-form.html]
[one.open-int-bank.com/pl/banking/current-account.html]
[one.open-int-bank.com/pl/banking/saving-account.html]
[one.open-int-bank.com/pl/banking/mobile-banking.html]
[one.open-int-bank.com/pl/loans-and-credits.html]
[one.open-int-bank.com/pl/investment.html]
[one.open-int-bank.com/pl/credit-card.html]
[one.open-int-bank.com/pl/home.f4.delayed]
[one.open-int-bank.com/pl/login.html]
[one.open-int-bank.com/pl/register.html]
[one.open-int-bank.com/pl/faq.html]
[one.open-int-bank.com/pl/privacy-policy.html]
[one.open-int-bank.com/pl.html]
[one.open-int-bank.com/pl/request-form.html]
[one.open-int-bank.com/pt/banking/current-account.html]
[one.open-int-bank.com/pt/banking/saving-account.html]
[one.open-int-bank.com/pt/banking/mobile-banking.html]
[one.open-int-bank.com/pt/loans-and-credits.html]
[one.open-int-bank.com/pt/insurances.html]
[one.open-int-bank.com/pt/investment.html]
[one.open-int-bank.com/pt/credit-card.html]
[one.open-int-bank.com/pt/home]
[one.open-int-bank.com/pt/login.html]
[one.open-int-bank.com/pt/register.html]
[one.open-int-bank.com/pt/faq.html]
[one.open-int-bank.com/pt/privacy-policy.html]
[one.open-int-bank.com/pt.html]
[one.open-int-bank.com/pt/request-form.html]
[one.open-int-bank.com/ro/banking/current-account.html]
[one.open-int-bank.com/ro/banking/saving-account.html]
[one.open-int-bank.com/ro/banking/mobile-banking.html]
[one.open-int-bank.com/ro/loans-and-credits.html]
[one.open-int-bank.com/ro/insurances.html]
[one.open-int-bank.com/ro/investment.html]
[one.open-int-bank.com/ro/credit-card.html]
[one.open-int-bank.com/ro/home]
[one.open-int-bank.com/ro/login.html]
[one.open-int-bank.com/ro/register.html]
[one.open-int-bank.com/ro/faq.html]
[one.open-int-bank.com/ro/privacy-policy.html]
[one.open-int-bank.com/ro.html]
[one.open-int-bank.com/ro/request-form.html]
[one.open-int-bank.com/sk/banking/current-account.html]
[one.open-int-bank.com/sk/banking/saving-account.html]
[one.open-int-bank.com/sk/banking/mobile-banking.html]
[one.open-int-bank.com/sk/loans-and-credits.html]
[one.open-int-bank.com/sk/insurances.html]
[one.open-int-bank.com/sk/credit-card.html]
[one.open-int-bank.com/sk/home.11b.delayed]
[one.open-int-bank.com/sk/login.html]
[one.open-int-bank.com/sk/register.html]
[one.open-int-bank.com/sk/faq.html]
[one.open-int-bank.com/sk/privacy-policy.html]
[one.open-int-bank.com/sk.html]
[one.open-int-bank.com/sk/request-form.html]
[one.open-int-bank.com/sl/banking/current-account.html]
[one.open-int-bank.com/sl/banking/saving-account.html]
[one.open-int-bank.com/sl/banking/mobile-banking.html]
[one.open-int-bank.com/sl/loans-and-credits.html]
[one.open-int-bank.com/sl/insurances.html]
[one.open-int-bank.com/sl/investment.html]
[one.open-int-bank.com/sl/credit-card.html]
[one.open-int-bank.com/sl/home]
[one.open-int-bank.com/sl/login.html]
[one.open-int-bank.com/sl/register.html]
[one.open-int-bank.com/sl/faq.html]
[one.open-int-bank.com/sl/privacy-policy.html]
[one.open-int-bank.com/sl.html]
[one.open-int-bank.com/sl/request-form.html]
[one.open-int-bank.com/sv/banking/current-account.html]
[one.open-int-bank.com/sv/banking/saving-account.html]
[one.open-int-bank.com/sv/banking/mobile-banking.html]
[one.open-int-bank.com/sv/loans-and-credits.html]
[one.open-int-bank.com/sv/insurances.html]
[one.open-int-bank.com/sv/investment.html]
[one.open-int-bank.com/sv/credit-card.html]
[one.open-int-bank.com/sv/home]
[one.open-int-bank.com/sv/login.html]
[one.open-int-bank.com/sv/register.html]
[one.open-int-bank.com/sv/faq.html]
[one.open-int-bank.com/sv/privacy-policy.html]
[one.open-int-bank.com/sv.html]
[one.open-int-bank.com/sv/request-form.html]
[one.open-int-bank.com/cs/banking/current-account.html]
[one.open-int-bank.com/cs/banking/saving-account.html]
[one.open-int-bank.com/cs/banking/mobile-banking.html]
[one.open-int-bank.com/cs/loans-and-credits.html]
[one.open-int-bank.com/cs/insurances.html]
[one.open-int-bank.com/cs/investment.html]
[one.open-int-bank.com/cs/credit-card.html]
[one.open-int-bank.com/cs/home.142.delayed]
[one.open-int-bank.com/cs/login.html]
[one.open-int-bank.com/cs/register.html]
[one.open-int-bank.com/cs/faq.html]
[one.open-int-bank.com/cs/privacy-policy.html]
[one.open-int-bank.com/cs.html]
[one.open-int-bank.com/cs/request-form.html]
[one.open-int-bank.com/el/banking/current-account.html]
[one.open-int-bank.com/el/banking/saving-account.html]
[one.open-int-bank.com/el/banking/mobile-banking.html]
[one.open-int-bank.com/el/loans-and-credits.html]
[one.open-int-bank.com/el/insurances.html]
[one.open-int-bank.com/el/investment.html]
[one.open-int-bank.com/el/credit-card.html]
[one.open-int-bank.com/el/home.14f.delayed]
[one.open-int-bank.com/el/login.html]
[one.open-int-bank.com/el/register.html]
[one.open-int-bank.com/el/faq.html]
[one.open-int-bank.com/el/privacy-policy.html]
[one.open-int-bank.com/el.html]
[one.open-int-bank.com/el/request-form.html]
[one.open-int-bank.com/bg/banking/current-account.html]
[one.open-int-bank.com/bg/banking/saving-account.html]
[one.open-int-bank.com/bg/banking/mobile-banking.html]
[one.open-int-bank.com/bg/loans-and-credits.html]
[one.open-int-bank.com/bg/insurances.html]
[one.open-int-bank.com/bg/investment.html]
[one.open-int-bank.com/bg/credit-card.html]
[one.open-int-bank.com/bg/home]
[one.open-int-bank.com/bg/login.html]
[one.open-int-bank.com/bg/register.html]
[one.open-int-bank.com/bg/faq.html]
[one.open-int-bank.com/bg/privacy-policy.html]
[one.open-int-bank.com/bg.html]
[one.open-int-bank.com/ru/banking/current-account.html]
[one.open-int-bank.com/ru/banking/saving-account.html]
[one.open-int-bank.com/ru/banking/mobile-banking.html]
[one.open-int-bank.com/ru/loans-and-credits.html]
[one.open-int-bank.com/ru/insurances.html]
[one.open-int-bank.com/ru/investment.html]
[one.open-int-bank.com/ru/credit-card.html]
[one.open-int-bank.com/ru/home]
[one.open-int-bank.com/ru/login.html]
[one.open-int-bank.com/ru/register.html]
[one.open-int-bank.com/ru/faq.html]
[one.open-int-bank.com/ru/privacy-policy.html]
[one.open-int-bank.com/ru/request-form.html]
[one.open-int-bank.com/ru.html]
[one.open-int-bank.com/kk/banking/current-account.html]
[one.open-int-bank.com/kk/banking/saving-account.html]
[one.open-int-bank.com/kk/banking/mobile-banking.html]
[one.open-int-bank.com/kk/loans-and-credits.html]
[one.open-int-bank.com/kk/insurances.html]
[one.open-int-bank.com/kk/investment.html]
[one.open-int-bank.com/kk/credit-card.html]
[one.open-int-bank.com/kk/home]
[one.open-int-bank.com/kk/login.html]
[one.open-int-bank.com/kk/register.html]
[one.open-int-bank.com/kk/faq.html]
[one.open-int-bank.com/kk/privacy-policy.html]
[one.open-int-bank.com/kk.html]
[one.open-int-bank.com/kk/request-form.html]
[one.open-int-bank.com/banking/current-account]
[one.open-int-bank.com/ui/images/smart_business.jpg]
[one.open-int-bank.com/ui/images/digital_current.jpg]
[one.open-int-bank.com/ui/images/trade_basic.jpg]
[one.open-int-bank.com/en/banking/current-account.html]
[one.open-int-bank.com/banking/saving-account]
[one.open-int-bank.com/img/parallax/parallax-7.jpg]
[one.open-int-bank.com/en/banking/saving-account.html]
[one.open-int-bank.com/banking/mobile-banking]
[one.open-int-bank.com/img/parallax/parallax-8.jpg]
[one.open-int-bank.com/en/banking/mobile-banking.html]
[one.open-int-bank.com/loans-and-credits.184.delayed]
[one.open-int-bank.com/img/personal-loan.jpg]
[one.open-int-bank.com/img/loan-without-contribution.jpg]
[one.open-int-bank.com/img/loan-between-individuals.jpg]
[one.open-int-bank.com/img/consumer-credit.jpg]
[one.open-int-bank.com/img/car-loan.jpg]
[one.open-int-bank.com/en/loans-and-credits.html]
[one.open-int-bank.com/img/works-credit.jpg]
[one.open-int-bank.com/de/loans-and-credits/personal-loan.html]
[one.open-int-bank.com/es/loans-and-credits/personal-loan.html]
[one.open-int-bank.com/fr/loans-and-credits/personal-loan.html]
[one.open-int-bank.com/hu/loans-and-credits/personal-loan.html]
[one.open-int-bank.com/nl/loans-and-credits/personal-loan.html]
[one.open-int-bank.com/pl/loans-and-credits/personal-loan.html]
[one.open-int-bank.com/pt/loans-and-credits/personal-loan.html]
[one.open-int-bank.com/ro/loans-and-credits/personal-loan.html]
[one.open-int-bank.com/sk/loans-and-credits/personal-loan.html]
[one.open-int-bank.com/sl/loans-and-credits/personal-loan.html]
[one.open-int-bank.com/sv/loans-and-credits/personal-loan.html]
[one.open-int-bank.com/cs/loans-and-credits/personal-loan.html]
[one.open-int-bank.com/el/loans-and-credits/personal-loan.html]
[one.open-int-bank.com/bg/loans-and-credits/personal-loan.html]
[one.open-int-bank.com/ru/loans-and-credits/personal-loan.html]
[one.open-int-bank.com/kk/loans-and-credits/personal-loan.html]
[one.open-int-bank.com/en/loans-and-credits/personal-loan.html]
[one.open-int-bank.com/de/loans-and-credits/loan-without-contribution.html]
[one.open-int-bank.com/es/loans-and-credits/loan-without-contribution.html]
[one.open-int-bank.com/fr/loans-and-credits/loan-without-contribution.html]
[one.open-int-bank.com/hu/loans-and-credits/loan-without-contribution.html]
[one.open-int-bank.com/nl/loans-and-credits/loan-without-contribution.html]
[one.open-int-bank.com/pl/loans-and-credits/loan-without-contribution.html]
[one.open-int-bank.com/pt/loans-and-credits/loan-without-contribution.html]
[one.open-int-bank.com/ro/loans-and-credits/loan-without-contribution.html]
[one.open-int-bank.com/sk/loans-and-credits/loan-without-contribution.html]
[one.open-int-bank.com/sl/loans-and-credits/loan-without-contribution.html]
[one.open-int-bank.com/sv/loans-and-credits/loan-without-contribution.html]
[one.open-int-bank.com/cs/loans-and-credits/loan-without-contribution.html]
[one.open-int-bank.com/el/loans-and-credits/loan-without-contribution.html]
[one.open-int-bank.com/bg/loans-and-credits/loan-without-contribution.html]
[one.open-int-bank.com/ru/loans-and-credits/loan-without-contribution.html]
[one.open-int-bank.com/kk/loans-and-credits/loan-without-contribution.html]
[one.open-int-bank.com/en/loans-and-credits/loan-without-contribution.html]
[one.open-int-bank.com/de/loans-and-credits/loan-between-individuals.html]
[one.open-int-bank.com/es/loans-and-credits/loan-between-individuals.html]
[one.open-int-bank.com/fr/loans-and-credits/loan-between-individuals.html]
[one.open-int-bank.com/hu/loans-and-credits/loan-between-individuals.html]
[one.open-int-bank.com/nl/loans-and-credits/loan-between-individuals.html]
[one.open-int-bank.com/pl/loans-and-credits/loan-between-individuals.html]
[one.open-int-bank.com/pt/loans-and-credits/loan-between-individuals.html]
[one.open-int-bank.com/ro/loans-and-credits/loan-between-individuals.html]
[one.open-int-bank.com/sk/loans-and-credits/loan-between-individuals.html]
[one.open-int-bank.com/sl/loans-and-credits/loan-between-individuals.html]
[one.open-int-bank.com/sv/loans-and-credits/loan-between-individuals.html]
[one.open-int-bank.com/cs/loans-and-credits/loan-between-individuals.html]
[one.open-int-bank.com/el/loans-and-credits/loan-between-individuals.html]
[one.open-int-bank.com/bg/loans-and-credits/loan-between-individuals.html]
[one.open-int-bank.com/ru/loans-and-credits/loan-between-individuals.html]
[one.open-int-bank.com/en/loans-and-credits/loan-between-individuals.html]
[one.open-int-bank.com/kk/loans-and-credits/loan-between-individuals.html]
[one.open-int-bank.com/de/loans-and-credits/consumer-credit.html]
[one.open-int-bank.com/es/loans-and-credits/consumer-credit.html]
[one.open-int-bank.com/fr/loans-and-credits/consumer-credit.html]
[one.open-int-bank.com/hu/loans-and-credits/consumer-credit.html]
[one.open-int-bank.com/nl/loans-and-credits/consumer-credit.html]
[one.open-int-bank.com/pl/loans-and-credits/consumer-credit.html]
[one.open-int-bank.com/pt/loans-and-credits/consumer-credit.html]
[one.open-int-bank.com/ro/loans-and-credits/consumer-credit.html]
[one.open-int-bank.com/sk/loans-and-credits/consumer-credit.html]
[one.open-int-bank.com/sl/loans-and-credits/consumer-credit.html]
[one.open-int-bank.com/sv/loans-and-credits/consumer-credit.html]
[one.open-int-bank.com/cs/loans-and-credits/consumer-credit.html]
[one.open-int-bank.com/el/loans-and-credits/consumer-credit.html]
[one.open-int-bank.com/bg/loans-and-credits/consumer-credit.html]
[one.open-int-bank.com/ru/loans-and-credits/consumer-credit.html]
[one.open-int-bank.com/kk/loans-and-credits/consumer-credit.html]
[one.open-int-bank.com/en/loans-and-credits/consumer-credit.html]
[one.open-int-bank.com/de/loans-and-credits/car-loan.html]
[one.open-int-bank.com/es/loans-and-credits/car-loan.html]
[one.open-int-bank.com/fr/loans-and-credits/car-loan.html]
[one.open-int-bank.com/hu/loans-and-credits/car-loan.html]
[one.open-int-bank.com/nl/loans-and-credits/car-loan.html]
[one.open-int-bank.com/pl/loans-and-credits/car-loan.html]
[one.open-int-bank.com/pt/loans-and-credits/car-loan.html]
[one.open-int-bank.com/ro/loans-and-credits/car-loan.html]
[one.open-int-bank.com/sk/loans-and-credits/car-loan.html]
[one.open-int-bank.com/sl/loans-and-credits/car-loan.html]
[one.open-int-bank.com/sv/loans-and-credits/car-loan.html]
[one.open-int-bank.com/cs/loans-and-credits/car-loan.html]
[one.open-int-bank.com/el/loans-and-credits/car-loan.html]
[one.open-int-bank.com/bg/loans-and-credits/car-loan.html]
[one.open-int-bank.com/ru/loans-and-credits/car-loan.html]
[one.open-int-bank.com/en/loans-and-credits/car-loan.html]
[one.open-int-bank.com/kk/loans-and-credits/car-loan.html]
[one.open-int-bank.com/de/loans-and-credits/works-credit.html]
[one.open-int-bank.com/es/loans-and-credits/works-credit.html]
[one.open-int-bank.com/fr/loans-and-credits/works-credit.html]
[one.open-int-bank.com/hu/loans-and-credits/works-credit.html]
[one.open-int-bank.com/nl/loans-and-credits/works-credit.html]
[one.open-int-bank.com/pl/loans-and-credits/works-credit.html]
[one.open-int-bank.com/pt/loans-and-credits/works-credit.html]
[one.open-int-bank.com/ro/loans-and-credits/works-credit.html]
[one.open-int-bank.com/sk/loans-and-credits/works-credit.html]
[one.open-int-bank.com/sl/loans-and-credits/works-credit.html]
[one.open-int-bank.com/sv/loans-and-credits/works-credit.html]
[one.open-int-bank.com/cs/loans-and-credits/works-credit.html]
[one.open-int-bank.com/el/loans-and-credits/works-credit.html]
[one.open-int-bank.com/bg/loans-and-credits/works-credit.html]
[one.open-int-bank.com/ru/loans-and-credits/works-credit.html]
[one.open-int-bank.com/kk/loans-and-credits/works-credit.html]
[one.open-int-bank.com/en/loans-and-credits/works-credit.html]
[one.open-int-bank.com/insurances]
[one.open-int-bank.com/en/insurances.html]
[one.open-int-bank.com/de/insurances/legal-protection-insurance.html]
[one.open-int-bank.com/es/insurances/legal-protection-insurance.html]
[one.open-int-bank.com/fr/insurances/legal-protection-insurance.html]
[one.open-int-bank.com/hu/insurances/legal-protection-insurance.html]
[one.open-int-bank.com/nl/insurances/legal-protection-insurance.html]
[one.open-int-bank.com/pl/insurances/legal-protection-insurance.html]
[one.open-int-bank.com/pt/insurances/legal-protection-insurance.html]
[one.open-int-bank.com/ro/insurances/legal-protection-insurance.html]
[one.open-int-bank.com/sk/insurances/legal-protection-insurance.html]
[one.open-int-bank.com/sl/insurances/legal-protection-insurance.html]
[one.open-int-bank.com/sv/insurances/legal-protection-insurance.html]
[one.open-int-bank.com/cs/insurances/legal-protection-insurance.html]
[one.open-int-bank.com/el/insurances/legal-protection-insurance.html]
[one.open-int-bank.com/bg/insurances/legal-protection-insurance.html]
[one.open-int-bank.com/ru/insurances/legal-protection-insurance.html]
[one.open-int-bank.com/kk/insurances/legal-protection-insurance.html]
[one.open-int-bank.com/en/insurances/legal-protection-insurance.html]
[one.open-int-bank.com/de/insurances/income-maintenance-insurance.html]
[one.open-int-bank.com/es/insurances/income-maintenance-insurance.html]
[one.open-int-bank.com/fr/insurances/income-maintenance-insurance.html]
[one.open-int-bank.com/hu/insurances/income-maintenance-insurance.html]
[one.open-int-bank.com/nl/insurances/income-maintenance-insurance.html]
[one.open-int-bank.com/pl/insurances/income-maintenance-insurance.html]
[one.open-int-bank.com/pt/insurances/income-maintenance-insurance.html]
[one.open-int-bank.com/ro/insurances/income-maintenance-insurance.html]
[one.open-int-bank.com/sk/insurances/income-maintenance-insurance.html]
[one.open-int-bank.com/sl/insurances/income-maintenance-insurance.html]
[one.open-int-bank.com/sv/insurances/income-maintenance-insurance.html]
[one.open-int-bank.com/cs/insurances/income-maintenance-insurance.html]
[one.open-int-bank.com/el/insurances/income-maintenance-insurance.html]
[one.open-int-bank.com/bg/insurances/income-maintenance-insurance.html]
[one.open-int-bank.com/ru/insurances/income-maintenance-insurance.html]
[one.open-int-bank.com/en/insurances/income-maintenance-insurance.html]
[one.open-int-bank.com/kk/insurances/income-maintenance-insurance.html]
[one.open-int-bank.com/de/insurances/car-insurance.html]
[one.open-int-bank.com/es/insurances/car-insurance.html]
[one.open-int-bank.com/fr/insurances/car-insurance.html]
[one.open-int-bank.com/hu/insurances/car-insurance.html]
[one.open-int-bank.com/nl/insurances/car-insurance.html]
[one.open-int-bank.com/pl/insurances/car-insurance.html]
[one.open-int-bank.com/pt/insurances/car-insurance.html]
[one.open-int-bank.com/ro/insurances/car-insurance.html]
[one.open-int-bank.com/sk/insurances/car-insurance.html]
[one.open-int-bank.com/sl/insurances/car-insurance.html]
[one.open-int-bank.com/sv/insurances/car-insurance.html]
[one.open-int-bank.com/cs/insurances/car-insurance.html]
[one.open-int-bank.com/el/insurances/car-insurance.html]
[one.open-int-bank.com/bg/insurances/car-insurance.html]
[one.open-int-bank.com/ru/insurances/car-insurance.html]
[one.open-int-bank.com/en/insurances/car-insurance.html]
[one.open-int-bank.com/kk/insurances/car-insurance.html]
[one.open-int-bank.com/de/insurances/home-insurance.html]
[one.open-int-bank.com/es/insurances/home-insurance.html]
[one.open-int-bank.com/fr/insurances/home-insurance.html]
[one.open-int-bank.com/hu/insurances/home-insurance.html]
[one.open-int-bank.com/nl/insurances/home-insurance.html]
[one.open-int-bank.com/pl/insurances/home-insurance.html]
[one.open-int-bank.com/pt/insurances/home-insurance.html]
[one.open-int-bank.com/ro/insurances/home-insurance.html]
[one.open-int-bank.com/sk/insurances/home-insurance.html]
[one.open-int-bank.com/sl/insurances/home-insurance.html]
[one.open-int-bank.com/sv/insurances/home-insurance.html]
[one.open-int-bank.com/cs/insurances/home-insurance.html]
[one.open-int-bank.com/el/insurances/home-insurance.html]
[one.open-int-bank.com/bg/insurances/home-insurance.html]
[one.open-int-bank.com/ru/insurances/home-insurance.html]
[one.open-int-bank.com/en/insurances/home-insurance.html]
[one.open-int-bank.com/kk/insurances/home-insurance.html]
[one.open-int-bank.com/de/insurances/loan-insurance.html]
[one.open-int-bank.com/es/insurances/loan-insurance.html]
[one.open-int-bank.com/fr/insurances/loan-insurance.html]
[one.open-int-bank.com/hu/insurances/loan-insurance.html]
[one.open-int-bank.com/nl/insurances/loan-insurance.html]
[one.open-int-bank.com/pl/insurances/loan-insurance.html]
[one.open-int-bank.com/pt/insurances/loan-insurance.html]
[one.open-int-bank.com/ro/insurances/loan-insurance.html]
[one.open-int-bank.com/sk/insurances/loan-insurance.html]
[one.open-int-bank.com/sl/insurances/loan-insurance.html]
[one.open-int-bank.com/sv/insurances/loan-insurance.html]
[one.open-int-bank.com/cs/insurances/loan-insurance.html]
[one.open-int-bank.com/el/insurances/loan-insurance.html]
[one.open-int-bank.com/bg/insurances/loan-insurance.html]
[one.open-int-bank.com/ru/insurances/loan-insurance.html]
[one.open-int-bank.com/kk/insurances/loan-insurance.html]
[one.open-int-bank.com/en/insurances/loan-insurance.html]
[one.open-int-bank.com/investment]
[one.open-int-bank.com/img/investments.jpg]
[one.open-int-bank.com/en/investment.html]
[one.open-int-bank.com/credit-card]
[one.open-int-bank.com/ui/images/index7/card_1.jpg]
[one.open-int-bank.com/ui/images/index7/card_2.jpg]
[one.open-int-bank.com/en/credit-card.html]
[one.open-int-bank.com/ui/images/index7/card_3.jpg]
[one.open-int-bank.com/ui/css/auth.css]
[one.open-int-bank.com/en/password/reset.html]
[one.open-int-bank.com/img/online-banking.png]
[one.open-int-bank.com/en/login.html]
[one.open-int-bank.com/en/register.html]
[one.open-int-bank.com/img/clients/client-1.html]
[one.open-int-bank.com/ui/js/auth.js]
[one.open-int-bank.com/faq.246.delayed]
[one.open-int-bank.com/en/faq.html]
[one.open-int-bank.com/privacy-policy]
[one.open-int-bank.com/en/privacy-policy.html]
[one.open-int-bank.com/request-form]
[one.open-int-bank.com/en/request-form.html]
[one.open-int-bank.com/webfonts/fa-brands-400.svg]
[one.open-int-bank.com/webfonts/fa-regular-400.svg]
[one.open-int-bank.com/webfonts/fa-solid-900.svg]
[one.open-int-bank.com/fonts/Simple-Line-Iconsb26c.svg]
[one.open-int-bank.com/css/owl.video.play.html]
[one.open-int-bank.com/css/img/lazy.html]
[one.open-int-bank.com/img/curved-border.svg]
[one.open-int-bank.com/fonts/revicons/revicons90c6.html]
[one.open-int-bank.com/fonts/revicons/revicons90c6-2.html]
[one.open-int-bank.com/fonts/revicons/revicons90c6-3.html]
[one.open-int-bank.com/fonts/revicons/revicons90c6-4.html]
[one.open-int-bank.com/css/openhand.html]
[one.open-int-bank.com/css/closedhand.html]
[one.open-int-bank.com/assets/gridtile.html]
[one.open-int-bank.com/assets/gridtile_white.html]
[one.open-int-bank.com/assets/gridtile_3x3.html]
[one.open-int-bank.com/assets/gridtile_3x3_white.html]
[one.open-int-bank.com/assets/coloredbg.html]
[one.open-int-bank.com/assets/loader.html]
[one.open-int-bank.com/about]
[one.open-int-bank.com/de/about.html]
[one.open-int-bank.com/about]
[one.open-int-bank.com/es/about.html]
[one.open-int-bank.com/about]
[one.open-int-bank.com/fr/about.html]
[one.open-int-bank.com/about]
[one.open-int-bank.com/hu/about.html]
[one.open-int-bank.com/about]
[one.open-int-bank.com/nl/about.html]
[one.open-int-bank.com/about]
[one.open-int-bank.com/pl/about.html]
[one.open-int-bank.com/about]
[one.open-int-bank.com/pt/about.html]
[one.open-int-bank.com/about]
[one.open-int-bank.com/ro/about.html]
[one.open-int-bank.com/about]
[one.open-int-bank.com/sk/about.html]
[one.open-int-bank.com/about]
[one.open-int-bank.com/sl/about.html]
[one.open-int-bank.com/about]
[one.open-int-bank.com/sv/about.html]
[one.open-int-bank.com/about]
[one.open-int-bank.com/cs/about.html]
[one.open-int-bank.com/el/about.html]
[one.open-int-bank.com/bg/about.html]
[one.open-int-bank.com/ru/about.html]
[one.open-int-bank.com/kk/about.html]
[one.open-int-bank.com/contact.256.delayed]
[one.open-int-bank.com/de/contact.html]
[one.open-int-bank.com/es/contact.html]
[one.open-int-bank.com/fr/contact.html]
[one.open-int-bank.com/nl/contact.html]
[one.open-int-bank.com/pl/contact.html]
[one.open-int-bank.com/pt/contact.html]
[one.open-int-bank.com/ro/contact.html]
[one.open-int-bank.com/sk/contact.html]
[one.open-int-bank.com/sl/contact.html]
[one.open-int-bank.com/sv/contact.html]
[one.open-int-bank.com/cs/contact.html]
[one.open-int-bank.com/el/contact.html]
[one.open-int-bank.com/bg/contact.html]
[one.open-int-bank.com/ru/contact.html]
[one.open-int-bank.com/kk/contact.html]
[one.open-int-bank.com/hu/contact]
[one.open-int-bank.com/banking/current-account.265.delayed]
[one.open-int-bank.com/de/banking/current-account.html]
[one.open-int-bank.com/banking/saving-account]
[one.open-int-bank.com/de/banking/saving-account.html]
[one.open-int-bank.com/banking/mobile-banking]
[one.open-int-bank.com/de/banking/mobile-banking.html]
[one.open-int-bank.com/de/loans-and-credits.html]
[one.open-int-bank.com/de/insurances.html]
[one.open-int-bank.com/investment]
[one.open-int-bank.com/de/investment.html]
[one.open-int-bank.com/credit-card]
[one.open-int-bank.com/de/credit-card.html]
[one.open-int-bank.com/de/login.html]
[one.open-int-bank.com/de/register.html]
[one.open-int-bank.com/de/faq.html]
[one.open-int-bank.com/de/password/reset.html]
[one.open-int-bank.com/privacy-policy.26d.delayed]
[one.open-int-bank.com/de/privacy-policy.html]
[one.open-int-bank.com/request-form]
[one.open-int-bank.com/de/request-form.html]
[one.open-int-bank.com/es/banking/current-account.html]
[one.open-int-bank.com/banking/saving-account]
[one.open-int-bank.com/es/banking/saving-account.html]
[one.open-int-bank.com/banking/mobile-banking]
[one.open-int-bank.com/es/banking/mobile-banking.html]
[one.open-int-bank.com/es/loans-and-credits.html]
[one.open-int-bank.com/es/insurances.html]
[one.open-int-bank.com/investment]
[one.open-int-bank.com/es/investment.html]
[one.open-int-bank.com/credit-card]
[one.open-int-bank.com/es/credit-card.html]
[one.open-int-bank.com/es/login.html]
[one.open-int-bank.com/es/register.html]
[one.open-int-bank.com/es/faq.html]
[one.open-int-bank.com/es/privacy-policy.html]
[one.open-int-bank.com/es/password/reset.html]
[one.open-int-bank.com/request-form.278.delayed]
[one.open-int-bank.com/es/request-form.html]
[one.open-int-bank.com/fr/banking/current-account.html]
[one.open-int-bank.com/banking/saving-account]
[one.open-int-bank.com/fr/banking/saving-account.html]
[one.open-int-bank.com/banking/mobile-banking]
[one.open-int-bank.com/fr/banking/mobile-banking.html]
[one.open-int-bank.com/fr/loans-and-credits.html]
[one.open-int-bank.com/fr/insurances.html]
[one.open-int-bank.com/investment]
[one.open-int-bank.com/fr/investment.html]
[one.open-int-bank.com/credit-card]
[one.open-int-bank.com/fr/credit-card.html]
[one.open-int-bank.com/fr/password/reset.html]
[one.open-int-bank.com/fr/login.html]
[one.open-int-bank.com/fr/register.html]
[one.open-int-bank.com/fr/faq.html]
[one.open-int-bank.com/fr/privacy-policy.html]
[one.open-int-bank.com/fr/request-form.html]
[one.open-int-bank.com/hu/banking/current-account.html]
[one.open-int-bank.com/banking/saving-account]
[one.open-int-bank.com/hu/banking/saving-account.html]
[one.open-int-bank.com/banking/mobile-banking]
[one.open-int-bank.com/hu/banking/mobile-banking.html]
[one.open-int-bank.com/hu/loans-and-credits.html]
[one.open-int-bank.com/hu/insurances.html]
[one.open-int-bank.com/investment]
[one.open-int-bank.com/hu/investment.html]
[one.open-int-bank.com/credit-card]
[one.open-int-bank.com/hu/credit-card.html]
[one.open-int-bank.com/hu/password/reset.html]
[one.open-int-bank.com/hu/login.html]
[one.open-int-bank.com/hu/register.html]
[one.open-int-bank.com/hu/faq.html]
[one.open-int-bank.com/hu/privacy-policy.html]
[one.open-int-bank.com/hu/request-form.html]
[one.open-int-bank.com/nl/banking/current-account.html]
[one.open-int-bank.com/banking/saving-account]
[one.open-int-bank.com/nl/banking/saving-account.html]
[one.open-int-bank.com/banking/mobile-banking]
[one.open-int-bank.com/nl/banking/mobile-banking.html]
[one.open-int-bank.com/nl/loans-and-credits.html]
[one.open-int-bank.com/nl/insurances.html]
[one.open-int-bank.com/investment]
[one.open-int-bank.com/nl/investment.html]
[one.open-int-bank.com/credit-card]
[one.open-int-bank.com/nl/credit-card.html]
[one.open-int-bank.com/nl/password/reset.html]
[one.open-int-bank.com/nl/login.html]
[one.open-int-bank.com/nl/register.html]
[one.open-int-bank.com/nl/faq.html]
[one.open-int-bank.com/nl/privacy-policy.html]
[one.open-int-bank.com/nl/request-form.html]
[one.open-int-bank.com/pl/banking/current-account.html]
[one.open-int-bank.com/banking/saving-account]
[one.open-int-bank.com/pl/banking/saving-account.html]
[one.open-int-bank.com/banking/mobile-banking]
[one.open-int-bank.com/pl/banking/mobile-banking.html]
[one.open-int-bank.com/pl/loans-and-credits.html]
[one.open-int-bank.com/pl/insurances]
[one.open-int-bank.com/investment.29b.delayed]
[one.open-int-bank.com/pl/investment.html]
[one.open-int-bank.com/credit-card]
[one.open-int-bank.com/pl/credit-card.html]
[one.open-int-bank.com/pl/login.html]
[one.open-int-bank.com/pl/register.html]
[one.open-int-bank.com/pl/faq.html]
[one.open-int-bank.com/pl/privacy-policy.html]
[one.open-int-bank.com/pl/request-form.html]
[one.open-int-bank.com/pt/banking/current-account.html]
[one.open-int-bank.com/pl/password/reset.html]
[one.open-int-bank.com/banking/saving-account.2a2.delayed]
[one.open-int-bank.com/pt/banking/saving-account.html]
[one.open-int-bank.com/banking/mobile-banking]
[one.open-int-bank.com/pt/banking/mobile-banking.html]
[one.open-int-bank.com/pt/loans-and-credits.html]
[one.open-int-bank.com/pt/insurances.html]
[one.open-int-bank.com/pt/investment.html]
[one.open-int-bank.com/credit-card]
[one.open-int-bank.com/pt/credit-card.html]
[one.open-int-bank.com/pt/password/reset.html]
[one.open-int-bank.com/pt/login.html]
[one.open-int-bank.com/pt/register.html]
[one.open-int-bank.com/pt/faq.html]
[one.open-int-bank.com/pt/privacy-policy.html]
[one.open-int-bank.com/pt/request-form.html]
[one.open-int-bank.com/ro/banking/current-account.html]
[one.open-int-bank.com/ro/banking/saving-account.html]
[one.open-int-bank.com/banking/mobile-banking]
[one.open-int-bank.com/ro/banking/mobile-banking.html]
[one.open-int-bank.com/ro/loans-and-credits.html]
[one.open-int-bank.com/ro/insurances.html]
[one.open-int-bank.com/ro/investment.html]
[one.open-int-bank.com/credit-card]
[one.open-int-bank.com/ro/credit-card.html]
[one.open-int-bank.com/ro/password/reset.html]
[one.open-int-bank.com/ro/login.html]
[one.open-int-bank.com/ro/register.html]
[one.open-int-bank.com/ro/faq.html]
[one.open-int-bank.com/ro/privacy-policy.html]
[one.open-int-bank.com/ro/request-form.html]
[one.open-int-bank.com/sk/banking/current-account.html]
[one.open-int-bank.com/sk/banking/saving-account.html]
[one.open-int-bank.com/banking/mobile-banking]
[one.open-int-bank.com/sk/banking/mobile-banking.html]
[one.open-int-bank.com/sk/loans-and-credits.html]
[one.open-int-bank.com/sk/insurances.html]
[one.open-int-bank.com/sk/investment]
[one.open-int-bank.com/credit-card.2b9.delayed]
[one.open-int-bank.com/sk/credit-card.html]
[one.open-int-bank.com/sk/password/reset.html]
[one.open-int-bank.com/sk/login.html]
[one.open-int-bank.com/sk/register.html]
[one.open-int-bank.com/sk/faq.html]
[one.open-int-bank.com/sk/privacy-policy.html]
[one.open-int-bank.com/sk/request-form.html]
[one.open-int-bank.com/sl/banking/current-account.html]
[one.open-int-bank.com/sl/banking/saving-account.html]
[one.open-int-bank.com/banking/mobile-banking]
[one.open-int-bank.com/sl/banking/mobile-banking.html]
[one.open-int-bank.com/sl/loans-and-credits.html]
[one.open-int-bank.com/sl/insurances.html]
[one.open-int-bank.com/sl/investment.html]
[one.open-int-bank.com/sl/credit-card.html]
[one.open-int-bank.com/sl/password/reset.html]
[one.open-int-bank.com/sl/login.html]
[one.open-int-bank.com/sl/register.html]
[one.open-int-bank.com/sl/faq.html]
[one.open-int-bank.com/sl/privacy-policy.html]
[one.open-int-bank.com/sl/request-form.html]
[one.open-int-bank.com/sv/banking/current-account.html]
[one.open-int-bank.com/sv/banking/saving-account.html]
[one.open-int-bank.com/banking/mobile-banking]
[one.open-int-bank.com/sv/banking/mobile-banking.html]
[one.open-int-bank.com/sv/loans-and-credits.html]
[one.open-int-bank.com/sv/insurances.html]
[one.open-int-bank.com/sv/investment.html]
[one.open-int-bank.com/sv/credit-card.html]
[one.open-int-bank.com/sv/password/reset.html]
[one.open-int-bank.com/sv/login.html]
[one.open-int-bank.com/sv/register.html]
[one.open-int-bank.com/sv/faq.html]
[one.open-int-bank.com/sv/privacy-policy.html]
[one.open-int-bank.com/sv/request-form.html]
[one.open-int-bank.com/cs/banking/current-account.html]
[one.open-int-bank.com/cs/banking/saving-account.html]
[one.open-int-bank.com/banking/mobile-banking]
[one.open-int-bank.com/cs/banking/mobile-banking.html]
[one.open-int-bank.com/cs/loans-and-credits.html]
[one.open-int-bank.com/cs/insurances.html]
[one.open-int-bank.com/cs/investment.html]
[one.open-int-bank.com/cs/credit-card.html]
[one.open-int-bank.com/cs/password/reset.html]
[one.open-int-bank.com/cs/login.html]
[one.open-int-bank.com/cs/register.html]
[one.open-int-bank.com/cs/faq.html]
[one.open-int-bank.com/cs/privacy-policy.html]
[one.open-int-bank.com/cs/request-form.html]
[one.open-int-bank.com/el/banking/current-account.html]
[one.open-int-bank.com/el/banking/saving-account.html]
[one.open-int-bank.com/banking/mobile-banking]
[one.open-int-bank.com/el/banking/mobile-banking.html]
[one.open-int-bank.com/el/loans-and-credits.html]
[one.open-int-bank.com/el/insurances.html]
[one.open-int-bank.com/el/investment.html]
[one.open-int-bank.com/el/credit-card.html]
[one.open-int-bank.com/el/login.html]
[one.open-int-bank.com/el/register.html]
[one.open-int-bank.com/el/faq.html]
[one.open-int-bank.com/el/privacy-policy.html]
[one.open-int-bank.com/el/request-form.html]
[one.open-int-bank.com/bg/banking/current-account.html]
[one.open-int-bank.com/bg/banking/saving-account.html]
[one.open-int-bank.com/el/password/reset.html]
[one.open-int-bank.com/banking/mobile-banking.2e8.delayed]
[one.open-int-bank.com/bg/banking/mobile-banking.html]
[one.open-int-bank.com/bg/loans-and-credits.html]
[one.open-int-bank.com/bg/insurances.html]
[one.open-int-bank.com/bg/investment.html]
[one.open-int-bank.com/bg/credit-card.html]
[one.open-int-bank.com/bg/password/reset.html]
[one.open-int-bank.com/bg/login.html]
[one.open-int-bank.com/bg/register.html]
[one.open-int-bank.com/bg/faq.html]
[one.open-int-bank.com/bg/privacy-policy.html]
[one.open-int-bank.com/ru/banking/current-account.html]
[one.open-int-bank.com/ru/banking/saving-account.html]
[one.open-int-bank.com/ru/banking/mobile-banking.html]
[one.open-int-bank.com/ru/loans-and-credits.html]
[one.open-int-bank.com/ru/insurances.html]
[one.open-int-bank.com/ru/investment.html]
[one.open-int-bank.com/ru/credit-card.html]
[one.open-int-bank.com/ru/password/reset.html]
[one.open-int-bank.com/ru/login.html]
[one.open-int-bank.com/ru/register.html]
[one.open-int-bank.com/ru/faq.html]
[one.open-int-bank.com/ru/privacy-policy.html]
[one.open-int-bank.com/ru/request-form.html]
[one.open-int-bank.com/kk/banking/current-account.html]
[one.open-int-bank.com/kk/banking/saving-account.html]
[one.open-int-bank.com/kk/banking/mobile-banking.html]
[one.open-int-bank.com/kk/loans-and-credits.html]
[one.open-int-bank.com/kk/insurances.html]
[one.open-int-bank.com/kk/investment.html]
[one.open-int-bank.com/kk/credit-card.html]
[one.open-int-bank.com/bg/request-form]
[one.open-int-bank.com/kk/login.html]
[one.open-int-bank.com/kk/register.html]
[one.open-int-bank.com/kk/faq.html]
[one.open-int-bank.com/kk/privacy-policy.html]
[one.open-int-bank.com/kk/request-form.html]
[one.open-int-bank.com/de/loans-and-credits/personal-loan.html]
[one.open-int-bank.com/es/loans-and-credits/personal-loan.html]
[one.open-int-bank.com/fr/loans-and-credits/personal-loan.html]
[one.open-int-bank.com/hu/loans-and-credits/personal-loan.html]
[one.open-int-bank.com/nl/loans-and-credits/personal-loan.html]
[one.open-int-bank.com/pl/loans-and-credits/personal-loan.html]
[one.open-int-bank.com/pt/loans-and-credits/personal-loan.html]
[one.open-int-bank.com/ro/loans-and-credits/personal-loan.html]
[one.open-int-bank.com/sk/loans-and-credits/personal-loan.html]
[one.open-int-bank.com/sl/loans-and-credits/personal-loan.html]
[one.open-int-bank.com/sv/loans-and-credits/personal-loan.html]
[one.open-int-bank.com/cs/loans-and-credits/personal-loan.html]
[one.open-int-bank.com/el/loans-and-credits/personal-loan.html]
[one.open-int-bank.com/bg/loans-and-credits/personal-loan.html]
[one.open-int-bank.com/ru/loans-and-credits/personal-loan.html]
[one.open-int-bank.com/kk/loans-and-credits/personal-loan.html]
[one.open-int-bank.com/de/loans-and-credits/loan-without-contribution.html]
[one.open-int-bank.com/es/loans-and-credits/loan-without-contribution.html]
[one.open-int-bank.com/fr/loans-and-credits/loan-without-contribution.html]
[one.open-int-bank.com/hu/loans-and-credits/loan-without-contribution.html]
[one.open-int-bank.com/nl/loans-and-credits/loan-without-contribution.html]
[one.open-int-bank.com/pl/loans-and-credits/loan-without-contribution.html]
[one.open-int-bank.com/pt/loans-and-credits/loan-without-contribution.html]
[one.open-int-bank.com/ro/loans-and-credits/loan-without-contribution.html]
[one.open-int-bank.com/sk/loans-and-credits/loan-without-contribution.html]
[one.open-int-bank.com/sl/loans-and-credits/loan-without-contribution.html]
[one.open-int-bank.com/sv/loans-and-credits/loan-without-contribution.html]
[one.open-int-bank.com/cs/loans-and-credits/loan-without-contribution.html]
[one.open-int-bank.com/el/loans-and-credits/loan-without-contribution.html]
[one.open-int-bank.com/bg/loans-and-credits/loan-without-contribution.html]
[one.open-int-bank.com/ru/loans-and-credits/loan-without-contribution.html]
[one.open-int-bank.com/kk/loans-and-credits/loan-without-contribution.html]
[one.open-int-bank.com/de/loans-and-credits/loan-between-individuals.html]
[one.open-int-bank.com/es/loans-and-credits/loan-between-individuals.html]
[one.open-int-bank.com/fr/loans-and-credits/loan-between-individuals.html]
[one.open-int-bank.com/hu/loans-and-credits/loan-between-individuals.html]
[one.open-int-bank.com/nl/loans-and-credits/loan-between-individuals.html]
[one.open-int-bank.com/pl/loans-and-credits/loan-between-individuals.html]
[one.open-int-bank.com/pt/loans-and-credits/loan-between-individuals.html]
[one.open-int-bank.com/ro/loans-and-credits/loan-between-individuals.html]
[one.open-int-bank.com/sk/loans-and-credits/loan-between-individuals.html]
[one.open-int-bank.com/sl/loans-and-credits/loan-between-individuals.html]
[one.open-int-bank.com/sv/loans-and-credits/loan-between-individuals.html]
[one.open-int-bank.com/cs/loans-and-credits/loan-between-individuals.html]
[one.open-int-bank.com/el/loans-and-credits/loan-between-individuals.html]
[one.open-int-bank.com/bg/loans-and-credits/loan-between-individuals.html]
[one.open-int-bank.com/ru/loans-and-credits/loan-between-individuals.html]
[one.open-int-bank.com/kk/loans-and-credits/loan-between-individuals.html]
[one.open-int-bank.com/de/loans-and-credits/consumer-credit.html]
[one.open-int-bank.com/es/loans-and-credits/consumer-credit.html]
[one.open-int-bank.com/fr/loans-and-credits/consumer-credit.html]
[one.open-int-bank.com/hu/loans-and-credits/consumer-credit.html]
[one.open-int-bank.com/nl/loans-and-credits/consumer-credit.html]
[one.open-int-bank.com/pl/loans-and-credits/consumer-credit.html]
[one.open-int-bank.com/pt/loans-and-credits/consumer-credit.html]
[one.open-int-bank.com/ro/loans-and-credits/consumer-credit.html]
[one.open-int-bank.com/sk/loans-and-credits/consumer-credit.html]
[one.open-int-bank.com/sl/loans-and-credits/consumer-credit.html]
[one.open-int-bank.com/sv/loans-and-credits/consumer-credit.html]
[one.open-int-bank.com/cs/loans-and-credits/consumer-credit.html]
[one.open-int-bank.com/el/loans-and-credits/consumer-credit.html]
[one.open-int-bank.com/bg/loans-and-credits/consumer-credit.html]
[one.open-int-bank.com/ru/loans-and-credits/consumer-credit.html]
[one.open-int-bank.com/kk/loans-and-credits/consumer-credit.html]
[one.open-int-bank.com/de/loans-and-credits/car-loan.html]
[one.open-int-bank.com/es/loans-and-credits/car-loan.html]
[one.open-int-bank.com/fr/loans-and-credits/car-loan.html]
[one.open-int-bank.com/hu/loans-and-credits/car-loan.html]
[one.open-int-bank.com/nl/loans-and-credits/car-loan.html]
[one.open-int-bank.com/pl/loans-and-credits/car-loan.html]
[one.open-int-bank.com/pt/loans-and-credits/car-loan.html]
[one.open-int-bank.com/ro/loans-and-credits/car-loan.html]
[one.open-int-bank.com/sk/loans-and-credits/car-loan.html]
[one.open-int-bank.com/sl/loans-and-credits/car-loan.html]
[one.open-int-bank.com/sv/loans-and-credits/car-loan.html]
[one.open-int-bank.com/cs/loans-and-credits/car-loan.html]
[one.open-int-bank.com/el/loans-and-credits/car-loan.html]
[one.open-int-bank.com/bg/loans-and-credits/car-loan.html]
[one.open-int-bank.com/ru/loans-and-credits/car-loan.html]
[one.open-int-bank.com/kk/loans-and-credits/car-loan.html]
[one.open-int-bank.com/de/loans-and-credits/works-credit.html]
[one.open-int-bank.com/es/loans-and-credits/works-credit.html]
[one.open-int-bank.com/fr/loans-and-credits/works-credit.html]
[one.open-int-bank.com/hu/loans-and-credits/works-credit.html]
[one.open-int-bank.com/nl/loans-and-credits/works-credit.html]
[one.open-int-bank.com/pl/loans-and-credits/works-credit.html]
[one.open-int-bank.com/pt/loans-and-credits/works-credit.html]
[one.open-int-bank.com/ro/loans-and-credits/works-credit.html]
[one.open-int-bank.com/sk/loans-and-credits/works-credit.html]
[one.open-int-bank.com/sl/loans-and-credits/works-credit.html]
[one.open-int-bank.com/sv/loans-and-credits/works-credit.html]
[one.open-int-bank.com/cs/loans-and-credits/works-credit.html]
[one.open-int-bank.com/el/loans-and-credits/works-credit.html]
[one.open-int-bank.com/bg/loans-and-credits/works-credit.html]
[one.open-int-bank.com/ru/loans-and-credits/works-credit.html]
[one.open-int-bank.com/kk/loans-and-credits/works-credit.html]
[one.open-int-bank.com/insurances.html]
[one.open-int-bank.com/de/insurances/legal-protection-insurance.html]
[one.open-int-bank.com/es/insurances/legal-protection-insurance.html]
[one.open-int-bank.com/fr/insurances/legal-protection-insurance.html]
[one.open-int-bank.com/hu/insurances/legal-protection-insurance.html]
[one.open-int-bank.com/nl/insurances/legal-protection-insurance.html]
[one.open-int-bank.com/pl/insurances/legal-protection-insurance.html]
[one.open-int-bank.com/pt/insurances/legal-protection-insurance.html]
[one.open-int-bank.com/ro/insurances/legal-protection-insurance.html]
[one.open-int-bank.com/sk/insurances/legal-protection-insurance.html]
[one.open-int-bank.com/sl/insurances/legal-protection-insurance.html]
[one.open-int-bank.com/sv/insurances/legal-protection-insurance.html]
[one.open-int-bank.com/cs/insurances/legal-protection-insurance.html]
[one.open-int-bank.com/el/insurances/legal-protection-insurance.html]
[one.open-int-bank.com/bg/insurances/legal-protection-insurance.html]
[one.open-int-bank.com/ru/insurances/legal-protection-insurance.html]
[one.open-int-bank.com/kk/insurances/legal-protection-insurance.html]
[one.open-int-bank.com/de/insurances/income-maintenance-insurance.html]
[one.open-int-bank.com/es/insurances/income-maintenance-insurance.html]
[one.open-int-bank.com/fr/insurances/income-maintenance-insurance.html]
[one.open-int-bank.com/hu/insurances/income-maintenance-insurance.html]
[one.open-int-bank.com/nl/insurances/income-maintenance-insurance.html]
[one.open-int-bank.com/pl/insurances/income-maintenance-insurance.html]
[one.open-int-bank.com/pt/insurances/income-maintenance-insurance.html]
[one.open-int-bank.com/ro/insurances/income-maintenance-insurance.html]
[one.open-int-bank.com/sk/insurances/income-maintenance-insurance.html]
[one.open-int-bank.com/sl/insurances/income-maintenance-insurance.html]
[one.open-int-bank.com/sv/insurances/income-maintenance-insurance.html]
[one.open-int-bank.com/cs/insurances/income-maintenance-insurance.html]
[one.open-int-bank.com/el/insurances/income-maintenance-insurance.html]
[one.open-int-bank.com/bg/insurances/income-maintenance-insurance.html]
[one.open-int-bank.com/ru/insurances/income-maintenance-insurance.html]
[one.open-int-bank.com/kk/insurances/income-maintenance-insurance.html]
[one.open-int-bank.com/de/insurances/car-insurance.html]
[one.open-int-bank.com/es/insurances/car-insurance.html]
[one.open-int-bank.com/fr/insurances/car-insurance.html]
[one.open-int-bank.com/hu/insurances/car-insurance.html]
[one.open-int-bank.com/nl/insurances/car-insurance.html]
[one.open-int-bank.com/pl/insurances/car-insurance.html]
[one.open-int-bank.com/pt/insurances/car-insurance.html]
[one.open-int-bank.com/ro/insurances/car-insurance.html]
[one.open-int-bank.com/sk/insurances/car-insurance.html]
[one.open-int-bank.com/sl/insurances/car-insurance.html]
[one.open-int-bank.com/sv/insurances/car-insurance.html]
[one.open-int-bank.com/cs/insurances/car-insurance.html]
[one.open-int-bank.com/el/insurances/car-insurance.html]
[one.open-int-bank.com/bg/insurances/car-insurance.html]
[one.open-int-bank.com/ru/insurances/car-insurance.html]
[one.open-int-bank.com/kk/insurances/car-insurance.html]
[one.open-int-bank.com/de/insurances/home-insurance.html]
[one.open-int-bank.com/es/insurances/home-insurance.html]
[one.open-int-bank.com/fr/insurances/home-insurance.html]
[one.open-int-bank.com/hu/insurances/home-insurance.html]
[one.open-int-bank.com/nl/insurances/home-insurance.html]
[one.open-int-bank.com/pl/insurances/home-insurance.html]
[one.open-int-bank.com/pt/insurances/home-insurance.html]
[one.open-int-bank.com/ro/insurances/home-insurance.html]
[one.open-int-bank.com/sk/insurances/home-insurance.html]
[one.open-int-bank.com/sl/insurances/home-insurance.html]
[one.open-int-bank.com/sv/insurances/home-insurance.html]
[one.open-int-bank.com/cs/insurances/home-insurance.html]
[one.open-int-bank.com/el/insurances/home-insurance.html]
[one.open-int-bank.com/bg/insurances/home-insurance.html]
[one.open-int-bank.com/ru/insurances/home-insurance.html]
[one.open-int-bank.com/kk/insurances/home-insurance.html]
[one.open-int-bank.com/de/insurances/loan-insurance.html]
[one.open-int-bank.com/es/insurances/loan-insurance.html]
[one.open-int-bank.com/fr/insurances/loan-insurance.html]
[one.open-int-bank.com/hu/insurances/loan-insurance.html]
[one.open-int-bank.com/nl/insurances/loan-insurance.html]
[one.open-int-bank.com/pl/insurances/loan-insurance.html]
[one.open-int-bank.com/pt/insurances/loan-insurance.html]
[one.open-int-bank.com/ro/insurances/loan-insurance.html]
[one.open-int-bank.com/sk/insurances/loan-insurance.html]
[one.open-int-bank.com/sl/insurances/loan-insurance.html]
[one.open-int-bank.com/sv/insurances/loan-insurance.html]
[one.open-int-bank.com/cs/insurances/loan-insurance.html]
[one.open-int-bank.com/el/insurances/loan-insurance.html]
[one.open-int-bank.com/bg/insurances/loan-insurance.html]
[one.open-int-bank.com/ru/insurances/loan-insurance.html]
[one.open-int-bank.com/kk/insurances/loan-insurance.html]
[one.open-int-bank.com/ui/css/auth.css]
[one.open-int-bank.com/en/password/reset.html]
[one.open-int-bank.com/hu/contact]
[one.open-int-bank.com/de/password/reset.html]
[one.open-int-bank.com/es/password/reset.html]
[one.open-int-bank.com/fr/password/reset.html]
[one.open-int-bank.com/hu/password/reset.html]
[one.open-int-bank.com/nl/password/reset.html]
[one.open-int-bank.com/pl/insurances]
[one.open-int-bank.com/pl/password/reset.html]
[one.open-int-bank.com/pt/password/reset.html]
[one.open-int-bank.com/ro/password/reset.html]
[one.open-int-bank.com/sk/investment]
[one.open-int-bank.com/sk/password/reset.html]
[one.open-int-bank.com/sl/password/reset.html]
[one.open-int-bank.com/sv/password/reset.html]
[one.open-int-bank.com/cs/password/reset.html]
[one.open-int-bank.com/el/password/reset.html]
[one.open-int-bank.com/bg/password/reset.html]
[one.open-int-bank.com/bg/request-form]
[one.open-int-bank.com/ru/password/reset.html]
[one.open-int-bank.com/kk/password/reset.html]
[one.open-int-bank.com/kk/password/reset.html]
[one.open-int-bank.com/about]
[one.open-int-bank.com/about]
